// Jest Snapshot v1, https://goo.gl/fbAQLP

exports[`[Component]: <Home /> should be render snapshot Home: 
      .c0 {
        background: red;
      }

      <div
        class="c0"
      >
        <h1>
          Hello World!
        </h1>
      </div>
     1`] = `
.c0 {
  background: red;
}

<div
  class="c0"
>
  <h1>
    Hello World!
  </h1>
</div>
`;
