// Jest Snapshot v1, https://goo.gl/fbAQLP

exports[`[Component]: <Heading /> Should be created snapshot component 1`] = `
.c0 {
  color: #0A1128;
  font-size: 6.4rem;
  text-transform: none;
}

@media (max-width:768px) {
  .c0 {
    font-size: 4.0rem;
  }
}

<div>
  <h1
    class="c0"
  >
    Texto de Teste
  </h1>
</div>
`;
